// Jest Snapshot v1, https://goo.gl/fbAQLP

exports[`VideoGrid renders with empty props 1`] = `
<Fragment>
  <VideoGridHeader
    title="trending"
  />
  <div
    className="video-grid"
  >
    <VideoPreview />
    <VideoPreview />
    <VideoPreview />
    <VideoPreview />
    <VideoPreview />
    <VideoPreview />
    <VideoPreview />
    <VideoPreview />
    <VideoPreview />
    <VideoPreview />
    <VideoPreview />
    <VideoPreview />
  </div>
  <Divider />
</Fragment>
`;

exports[`VideoGrid renders with title 1`] = `
<Fragment>
  <VideoGridHeader
    title="trending"
  />
  <div
    className="video-grid"
  >
    <VideoPreview />
    <VideoPreview />
    <VideoPreview />
    <VideoPreview />
    <VideoPreview />
    <VideoPreview />
    <VideoPreview />
    <VideoPreview />
    <VideoPreview />
    <VideoPreview />
    <VideoPreview />
    <VideoPreview />
  </div>
  <Divider />
</Fragment>
`;

exports[`VideoGrid renders without props 1`] = `
<Fragment>
  <VideoGridHeader
    title="trending"
  />
  <div
    className="video-grid"
  >
    <VideoPreview />
    <VideoPreview />
    <VideoPreview />
    <VideoPreview />
    <VideoPreview />
    <VideoPreview />
    <VideoPreview />
    <VideoPreview />
    <VideoPreview />
    <VideoPreview />
    <VideoPreview />
    <VideoPreview />
  </div>
  <Divider />
</Fragment>
`;
